[mission1success.online/Ai-Avatars.html]
[backblue.gif]
[fade.gif]
[index.html]
[img.flexifunnels.com/images/5959/kzmze_500_IMG20220803145107.png]
[plugin.flexifunnels.com/js/jquerylatest.min.js]
[plugin.flexifunnels.com/fontawesome/css/all.min.css]
[assets.flexifunnels.com/css/protected.css]
[img.flexifunnels.com/images/5959/q0mdq_1920_bannarBg3.png]
[connect.facebook.net/en_US/fbevents.js]
[img.flexifunnels.com/images/5959/kxody_500_600removebgpreview.png]
[img.flexifunnels.com/images/5959/q0nzi_500_500PX25.png]
[img.flexifunnels.com/images/5959/yxndk_500_500PX5.png]
[img.flexifunnels.com/images/5959/yyotu_500_500PX27.png]
[img.flexifunnels.com/images/5959/mzmtg_500_500PX12.png]
[assets.flexifunnels.com/images/itrans.png]
[assets.flexifunnels.com/css/animate.min.css]
[assets.flexifunnels.com/js/ft-control7869.js]
[mission1success.online/Ai-Avatars.html]
[plugin.flexifunnels.com/fontawesome/css/all.min.css]
[assets.flexifunnels.com/css/protected.css]
[assets.flexifunnels.com/js/ft-lazy-loading7869.js]
[connect.facebook.net/en_US/fbevents.js]
[assets.flexifunnels.com/css/animate.min.css]
[mission1success.online/c]
[mission1success.online/b]
[mission1success.online/POST]
[mission1success.online/schema.org/index.html]
[mission1success.online/index.html]
[img.flexifunnels.com/images/5959/m4nze_488_IMG20220803145107fotor2023070117710.png]
[mission1success.online/Mentorship.html]
[img.flexifunnels.com/images/5959/c3ntu_894_undrawmathematics4otb.png]
[img.flexifunnels.com/images/5959/g2mdq_1404_undrawdesigntools42tf.png]
[img.flexifunnels.com/images/5959/qynji_824_undrawBusinessshopreruf4.png]
[img.flexifunnels.com/images/5959/u2otq_895_undrawFreelancerreirh4.png]
[img.flexifunnels.com/images/5959/mxmjm_1103_undrawlaravelandvue59tp.png]
[img.flexifunnels.com/images/5959/mxodc_1078_undrawMeettheteamre4h08.png]
[img.flexifunnels.com/images/5959/m3nzc_1050_undrawWorkingreddwy.png]
[img.flexifunnels.com/images/5959/i5ndg_992_undrawTeachingreg7e3.png]
[img.flexifunnels.com/images/5959/azmde_1124_undrawqualitytimewiyl.png]
[img.flexifunnels.com/images/5959/m4odc_217_images.jpg]
[assets.flexifunnels.com/css/ft-intltelInput.css]
[assets.flexifunnels.com/js/intlTelInput.min.js]
[assets.flexifunnels.com/js/ft-control6229.js]
[mission1success.online/index.html]
[mission1success.online/a]
[mission1success.online/signals/iwl.js]
[assets.flexifunnels.com/js/ft-lazy-loading6229.js]
[mission1success.online/Mentorship.html]
[assets.flexifunnels.com/images/flags.png]
[assets.flexifunnels.com/images/flags@2x.png]
[assets.flexifunnels.com/css/ft-intltelInput.css]
